#-----------------------------------------------------------
# Vivado v2016.4 (64-bit)
# SW Build 1733598 on Wed Dec 14 22:35:42 MST 2016
# IP Build 1731160 on Wed Dec 14 23:47:21 MST 2016
# Start of session at: Fri Jun 16 10:11:32 2017
# Process ID: 26469
# Current directory: /home/wesleyguo/github/vivado/vivado/jtag_c2c/jtag_c2c
# Command line: vivado jtag_c2c.xpr
# Log file: /home/wesleyguo/github/vivado/vivado/jtag_c2c/jtag_c2c/vivado.log
# Journal file: /home/wesleyguo/github/vivado/vivado/jtag_c2c/jtag_c2c/vivado.jou
#-----------------------------------------------------------
start_gui
open_project jtag_c2c.xpr
open_bd_design {/home/wesleyguo/github/vivado/vivado/jtag_c2c/jtag_c2c/jtag_c2c.srcs/sources_1/bd/jtag_axi/jtag_axi.bd}
startgroup
copy_bd_objs /  [get_bd_cells {axi_chip2chip_0}]
set_property location {4 1191 428} [get_bd_cells axi_chip2chip_1]
endgroup
startgroup
copy_bd_objs /  [get_bd_cells {aurora_64b66b_0}]
set_property location {6 1955 466} [get_bd_cells aurora_64b66b_1]
endgroup
apply_bd_automation -rule xilinx.com:bd_rule:axi_chip2chip -config {PHY_TYPE "Aurora_64B66B" INIT_CLK "0" REF_CLK "0" SHARED_LOGIC "1" }  [get_bd_cells axi_chip2chip_1]
undo
undo
undo
startgroup
set_property -dict [list CONFIG.C_LINE_RATE {6.25} CONFIG.C_REFCLK_FREQUENCY {125.000} CONFIG.C_INIT_CLK {100.0}] [get_bd_cells aurora_64b66b_0]
endgroup
startgroup
set_property -dict [list CONFIG.C_AXI_ID_WIDTH.VALUE_SRC PROPAGATED CONFIG.C_AXI_WUSER_WIDTH.VALUE_SRC PROPAGATED] [get_bd_cells axi_chip2chip_0]
endgroup
startgroup
set_property -dict [list CONFIG.CLKOUT1_REQUESTED_OUT_FREQ {150.00} CONFIG.MMCM_DIVCLK_DIVIDE {2} CONFIG.MMCM_CLKFBOUT_MULT_F {19.875} CONFIG.MMCM_CLKOUT0_DIVIDE_F {6.625} CONFIG.CLKOUT1_JITTER {143.858} CONFIG.CLKOUT1_PHASE_ERROR {157.402}] [get_bd_cells clk_wiz]
endgroup
save_bd_design
reset_run jtag_axi_clk_wiz_0_synth_1
reset_run synth_1
launch_runs impl_1 -jobs 24
delete_bd_objs [get_bd_intf_nets axi_mem_intercon_M01_AXI] [get_bd_cells axi_perf_mon_0]
delete_bd_objs [get_bd_intf_nets axi_mem_intercon_M02_AXI] [get_bd_cells axi_hwicap_0]
startgroup
set_property -dict [list CONFIG.DRP_FREQ {150.00}] [get_bd_cells aurora_64b66b_0]
endgroup
startgroup
set_property -dict [list CONFIG.NUM_MI {2}] [get_bd_cells axi_mem_intercon]
endgroup
apply_bd_automation -rule xilinx.com:bd_rule:axi4 -config {Master "/jtag_axi_0/M_AXI" Clk "Auto" }  [get_bd_intf_pins axi_chip2chip_0/s_axi]
save_bd_design
launch_runs impl_1 -jobs 24
wait_on_run impl_1
assign_bd_address
save_bd_design
reset_run synth_1
launch_runs impl_1 -jobs 24
wait_on_run impl_1
launch_runs impl_1 -to_step write_bitstream -jobs 24
wait_on_run impl_1
open_hw
connect_hw_server -url 192.168.0.44:3121
current_hw_target [get_hw_targets */xilinx_tcf/Xilinx/000018938f9c01]
set_property PARAM.FREQUENCY 6000000 [get_hw_targets */xilinx_tcf/Xilinx/000018938f9c01]
open_hw_target
current_hw_device [lindex [get_hw_devices xc7v2000t_0] 0]
refresh_hw_device -update_hw_probes false [lindex [get_hw_devices xc7v2000t_0] 0]
disconnect_hw_server 192.168.0.44:3121
connect_hw_server -url 192.168.0.44:3121
current_hw_target [get_hw_targets */xilinx_tcf/Xilinx/000018938f9c01]
set_property PARAM.FREQUENCY 6000000 [get_hw_targets */xilinx_tcf/Xilinx/000018938f9c01]
open_hw_target
set_property PROGRAM.FILE {/home/wesleyguo/github/vivado/vivado/jtag_c2c/jtag_c2c/jtag_c2c.runs/impl_1/jtag_axi_wrapper.bit} [lindex [get_hw_devices xc7z045_1] 0]
set_property PROBES.FILE {/home/wesleyguo/github/vivado/vivado/jtag_c2c/jtag_c2c/jtag_c2c.runs/impl_1/debug_nets.ltx} [lindex [get_hw_devices xc7z045_1] 0]
current_hw_device [lindex [get_hw_devices xc7z045_1] 0]
refresh_hw_device [lindex [get_hw_devices xc7z045_1] 0]
set_property PROBES.FILE {/home/wesleyguo/github/vivado/vivado/jtag_c2c/jtag_c2c/jtag_c2c.runs/impl_1/debug_nets.ltx} [lindex [get_hw_devices xc7z045_1] 0]
set_property PROGRAM.FILE {/home/wesleyguo/github/vivado/vivado/jtag_c2c/jtag_c2c/jtag_c2c.runs/impl_1/jtag_axi_wrapper.bit} [lindex [get_hw_devices xc7z045_1] 0]
program_hw_devices [lindex [get_hw_devices xc7z045_1] 0]
refresh_hw_device [lindex [get_hw_devices xc7z045_1] 0]
display_hw_ila_data [ get_hw_ila_data hw_ila_data_1 -of_objects [get_hw_ilas -of_objects [get_hw_devices xc7z045_1] -filter {CELL_NAME=~"jtag_axi_i/system_ila/inst/ila_lib"}]]
display_hw_ila_data [ get_hw_ila_data hw_ila_data_2 -of_objects [get_hw_ilas -of_objects [get_hw_devices xc7z045_1] -filter {CELL_NAME=~"jtag_axi_i/system_ila_0/inst/ila_lib"}]]
create_hw_axi_txn rd_txn_c2c [get_hw_axis hw_axi_1] -address 0x76000000 -len 1  -type read -force
create_hw_axi_txn wr_txn_c2c [get_hw_axis hw_axi_1] -address 0x76000000 -data 0x01234567 -len 1 -size 32 -type write -force
run_hw_axi wr_txn_c2c
run_hw_axi rd_txn_c2c
create_hw_axi_txn rd_txn_ram [get_hw_axis hw_axi_1] -address c0000000 -len 1  -type read -force
create_hw_axi_txn wr_txn_ram [get_hw_axis hw_axi_1] -address c0000000 -data 01230124 -len 1 -size 32 -type write -force
run_hw_axi wr_txn_ram
run_hw_axi rd_txn_ram
create_hw_axi_txn rd_txn_c2c [get_hw_axis hw_axi_1] -address 0x76000000 -len 1  -type read -force
create_hw_axi_txn wr_txn_c2c [get_hw_axis hw_axi_1] -address 0x76000000 -data 0x01234567 -len 1 -size 32 -type write -force
run_hw_axi wr_txn_c2c
run_hw_axi rd_txn_c2c
create_hw_axi_txn rd_txn_c2c [get_hw_axis hw_axi_1] -address 0x76000000 -len 8\  -type read -force
create_hw_axi_txn rd_txn_c2c [get_hw_axis hw_axi_1] -address 0x76000000 -len 8  -type read -force
run_hw_axi rd_txn_c2c
create_hw_axi_txn wr_txn_c2c [get_hw_axis hw_axi_1] -address 0x76000000 -data 0x012345670000123400005678 -len 3 -size 32 -type write -force
run_hw_axi rd_txn_c2c
create_hw_axi_txn wr_txn_c2c [get_hw_axis hw_axi_1] -address 0x76000000 -data 0x01234567 -len 3  -type write -force
create_hw_axi_txn wr_txn_c2c [get_hw_axis hw_axi_1] -address 0x76000000 -data 0x01234567 -len 1  -type write -force
create_hw_axi_txn wr_txn_c2c [get_hw_axis hw_axi_1] -address 0x76000000 -data 0x012345670000123400005678 -len 3 -size 32 -type write -force
run_hw_axi wd_txn_c2c
run_hw_axi wr_txn_c2c
run_hw_axi rd_txn_c2c
run_hw_axi rd_txn_c2c
create_hw_axi_txn wr_txn_c2c [get_hw_axis hw_axi_1] -address 0x76000000 -data 0x012345670000123400005678 -len 3 -size 32 -type write -force
run_hw_axi wr_txn_c2c
run_hw_axi rd_txn_c2c
close_project
