Copyright 1986-2016 Xilinx, Inc. All Rights Reserved.
----------------------------------------------------------------------------------------------------------------------------------------------
| Tool Version     : Vivado v.2016.4 (lin64) Build 1733598 Wed Dec 14 22:35:42 MST 2016
| Date             : Fri Jul  7 12:51:52 2017
| Host             : HyperSilicon running 64-bit CentOS release 6.4 (Final)
| Command          : report_power -file jack_120_power_routed.rpt -pb jack_120_power_summary_routed.pb -rpx jack_120_power_routed.rpx
| Design           : jack_120
| Device           : xc7v2000tflg1925-1
| Design State     : routed
| Grade            : commercial
| Process          : typical
| Characterization : Production
----------------------------------------------------------------------------------------------------------------------------------------------

Power Report

Table of Contents
-----------------
1. Summary
1.1 On-Chip Components
1.2 Power Supply Summary
1.3 Confidence Level
2. Settings
2.1 Environment
2.2 Clock Constraints
3. Detailed Reports
3.1 By Hierarchy

1. Summary
----------

+--------------------------+--------+
| Total On-Chip Power (W)  | 35.463 |
| Dynamic (W)              | 33.958 |
| Device Static (W)        | 1.506  |
| Effective TJA (C/W)      | 0.8    |
| Max Ambient (C)          | 55.4   |
| Junction Temperature (C) | 54.6   |
| Confidence Level         | Low    |
| Setting File             | ---    |
| Simulation Activity File | ---    |
| Design Nets Matched      | NA     |
+--------------------------+--------+


1.1 On-Chip Components
----------------------

+----------------+-----------+----------+-----------+-----------------+
| On-Chip        | Power (W) | Used     | Available | Utilization (%) |
+----------------+-----------+----------+-----------+-----------------+
| Slice Logic    |     0.003 |        4 |       --- |             --- |
|   LUT as Logic |     0.003 |        2 |   1221600 |           <0.01 |
|   Others       |     0.000 |        2 |       --- |             --- |
| Signals        |     4.679 |      240 |       --- |             --- |
| I/O            |    29.276 |      358 |      1200 |           29.83 |
| Static Power   |     1.506 |          |           |                 |
| Total          |    35.463 |          |           |                 |
+----------------+-----------+----------+-----------+-----------------+


1.2 Power Supply Summary
------------------------

+-----------+-------------+-----------+-------------+------------+
| Source    | Voltage (V) | Total (A) | Dynamic (A) | Static (A) |
+-----------+-------------+-----------+-------------+------------+
| Vccint    |       1.000 |     6.492 |       5.404 |      1.088 |
| Vccaux    |       1.800 |     2.438 |       2.294 |      0.144 |
| Vcco33    |       3.300 |     0.000 |       0.000 |      0.000 |
| Vcco25    |       2.500 |     0.000 |       0.000 |      0.000 |
| Vcco18    |       1.800 |    13.570 |      13.569 |      0.001 |
| Vcco15    |       1.500 |     0.000 |       0.000 |      0.000 |
| Vcco135   |       1.350 |     0.000 |       0.000 |      0.000 |
| Vcco12    |       1.200 |     0.000 |       0.000 |      0.000 |
| Vccaux_io |       1.800 |     0.000 |       0.000 |      0.000 |
| Vccbram   |       1.000 |     0.014 |       0.000 |      0.014 |
| MGTAVcc   |       1.000 |     0.000 |       0.000 |      0.000 |
| MGTAVtt   |       1.200 |     0.000 |       0.000 |      0.000 |
| MGTVccaux |       1.800 |     0.000 |       0.000 |      0.000 |
| MGTZVccl  |       1.075 |     0.000 |       0.000 |      0.000 |
| MGTZAVcc  |       1.075 |     0.000 |       0.000 |      0.000 |
| MGTZVcch  |       1.800 |     0.000 |       0.000 |      0.000 |
| Vccadc    |       1.800 |     0.080 |       0.000 |      0.080 |
+-----------+-------------+-----------+-------------+------------+


1.3 Confidence Level
--------------------

+-----------------------------+------------+--------------------------------------------------------+----------------------------------------------------------------------------------------------------------+
| User Input Data             | Confidence | Details                                                | Action                                                                                                   |
+-----------------------------+------------+--------------------------------------------------------+----------------------------------------------------------------------------------------------------------+
| Design implementation state | High       | Design is routed                                       |                                                                                                          |
| Clock nodes activity        | High       | User specified more than 95% of clocks                 |                                                                                                          |
| I/O nodes activity          | Low        | More than 75% of inputs are missing user specification | Provide missing input activity with simulation results or by editing the "By Resource Type -> I/Os" view |
| Internal nodes activity     | High       | User specified more than 25% of internal nodes         |                                                                                                          |
| Device models               | High       | Device models are Production                           |                                                                                                          |
|                             |            |                                                        |                                                                                                          |
| Overall confidence level    | Low        |                                                        |                                                                                                          |
+-----------------------------+------------+--------------------------------------------------------+----------------------------------------------------------------------------------------------------------+


2. Settings
-----------

2.1 Environment
---------------

+-----------------------+--------------------------+
| Ambient Temp (C)      | 25.0                     |
| ThetaJA (C/W)         | 0.8                      |
| Airflow (LFM)         | 250                      |
| Heat Sink             | medium (Medium Profile)  |
| ThetaSA (C/W)         | 1.2                      |
| Board Selection       | medium (10"x10")         |
| # of Board Layers     | 12to15 (12 to 15 Layers) |
| Board Temperature (C) | 25.0                     |
+-----------------------+--------------------------+


2.2 Clock Constraints
---------------------

+-------+--------+-----------------+
| Clock | Domain | Constraint (ns) |
+-------+--------+-----------------+


3. Detailed Reports
-------------------

3.1 By Hierarchy
----------------

+------------------------+-----------+
| Name                   | Power (W) |
+------------------------+-----------+
| jack_120               |    33.958 |
|   iobuff_a[0].iobuffa  |     0.136 |
|   iobuff_a[10].iobuffa |     0.136 |
|   iobuff_a[11].iobuffa |     0.136 |
|   iobuff_a[12].iobuffa |     0.136 |
|   iobuff_a[13].iobuffa |     0.137 |
|   iobuff_a[14].iobuffa |     0.136 |
|   iobuff_a[15].iobuffa |     0.136 |
|   iobuff_a[16].iobuffa |     0.137 |
|   iobuff_a[17].iobuffa |     0.135 |
|   iobuff_a[18].iobuffa |     0.137 |
|   iobuff_a[19].iobuffa |     0.137 |
|   iobuff_a[1].iobuffa  |     0.137 |
|   iobuff_a[20].iobuffa |     0.137 |
|   iobuff_a[21].iobuffa |     0.137 |
|   iobuff_a[22].iobuffa |     0.136 |
|   iobuff_a[23].iobuffa |     0.136 |
|   iobuff_a[24].iobuffa |     0.136 |
|   iobuff_a[25].iobuffa |     0.136 |
|   iobuff_a[26].iobuffa |     0.136 |
|   iobuff_a[27].iobuffa |     0.136 |
|   iobuff_a[28].iobuffa |     0.136 |
|   iobuff_a[29].iobuffa |     0.136 |
|   iobuff_a[2].iobuffa  |     0.137 |
|   iobuff_a[30].iobuffa |     0.136 |
|   iobuff_a[31].iobuffa |     0.136 |
|   iobuff_a[32].iobuffa |     0.136 |
|   iobuff_a[33].iobuffa |     0.136 |
|   iobuff_a[34].iobuffa |     0.136 |
|   iobuff_a[35].iobuffa |     0.136 |
|   iobuff_a[36].iobuffa |     0.135 |
|   iobuff_a[37].iobuffa |     0.136 |
|   iobuff_a[38].iobuffa |     0.136 |
|   iobuff_a[39].iobuffa |     0.135 |
|   iobuff_a[3].iobuffa  |     0.137 |
|   iobuff_a[40].iobuffa |     0.135 |
|   iobuff_a[41].iobuffa |     0.136 |
|   iobuff_a[42].iobuffa |     0.137 |
|   iobuff_a[43].iobuffa |     0.135 |
|   iobuff_a[44].iobuffa |     0.136 |
|   iobuff_a[45].iobuffa |     0.136 |
|   iobuff_a[46].iobuffa |     0.136 |
|   iobuff_a[47].iobuffa |     0.136 |
|   iobuff_a[48].iobuffa |     0.136 |
|   iobuff_a[49].iobuffa |     0.136 |
|   iobuff_a[4].iobuffa  |     0.137 |
|   iobuff_a[50].iobuffa |     0.131 |
|   iobuff_a[51].iobuffa |     0.131 |
|   iobuff_a[52].iobuffa |     0.131 |
|   iobuff_a[53].iobuffa |     0.131 |
|   iobuff_a[54].iobuffa |     0.132 |
|   iobuff_a[55].iobuffa |     0.132 |
|   iobuff_a[56].iobuffa |     0.132 |
|   iobuff_a[57].iobuffa |     0.132 |
|   iobuff_a[58].iobuffa |     0.132 |
|   iobuff_a[5].iobuffa  |     0.137 |
|   iobuff_a[6].iobuffa  |     0.137 |
|   iobuff_a[7].iobuffa  |     0.135 |
|   iobuff_a[8].iobuffa  |     0.136 |
|   iobuff_a[9].iobuffa  |     0.136 |
|   iobuff_b[0].iobuffb  |     0.133 |
|   iobuff_b[10].iobuffb |     0.132 |
|   iobuff_b[11].iobuffb |     0.131 |
|   iobuff_b[12].iobuffb |     0.132 |
|   iobuff_b[13].iobuffb |     0.132 |
|   iobuff_b[14].iobuffb |     0.132 |
|   iobuff_b[15].iobuffb |     0.132 |
|   iobuff_b[16].iobuffb |     0.132 |
|   iobuff_b[17].iobuffb |     0.132 |
|   iobuff_b[18].iobuffb |     0.132 |
|   iobuff_b[19].iobuffb |     0.132 |
|   iobuff_b[1].iobuffb  |     0.133 |
|   iobuff_b[20].iobuffb |     0.132 |
|   iobuff_b[21].iobuffb |     0.132 |
|   iobuff_b[22].iobuffb |     0.132 |
|   iobuff_b[23].iobuffb |     0.132 |
|   iobuff_b[24].iobuffb |     0.132 |
|   iobuff_b[25].iobuffb |     0.132 |
|   iobuff_b[26].iobuffb |     0.132 |
|   iobuff_b[27].iobuffb |     0.132 |
|   iobuff_b[28].iobuffb |     0.132 |
|   iobuff_b[29].iobuffb |     0.132 |
|   iobuff_b[2].iobuffb  |     0.134 |
|   iobuff_b[30].iobuffb |     0.132 |
|   iobuff_b[31].iobuffb |     0.132 |
|   iobuff_b[32].iobuffb |     0.132 |
|   iobuff_b[33].iobuffb |     0.132 |
|   iobuff_b[34].iobuffb |     0.132 |
|   iobuff_b[35].iobuffb |     0.132 |
|   iobuff_b[36].iobuffb |     0.132 |
|   iobuff_b[37].iobuffb |     0.132 |
|   iobuff_b[38].iobuffb |     0.132 |
|   iobuff_b[39].iobuffb |     0.131 |
|   iobuff_b[3].iobuffb  |     0.133 |
|   iobuff_b[40].iobuffb |     0.132 |
|   iobuff_b[41].iobuffb |     0.132 |
|   iobuff_b[42].iobuffb |     0.131 |
|   iobuff_b[43].iobuffb |     0.131 |
|   iobuff_b[44].iobuffb |     0.132 |
|   iobuff_b[45].iobuffb |     0.131 |
|   iobuff_b[46].iobuffb |     0.131 |
|   iobuff_b[47].iobuffb |     0.131 |
|   iobuff_b[48].iobuffb |     0.131 |
|   iobuff_b[49].iobuffb |     0.131 |
|   iobuff_b[4].iobuffb  |     0.132 |
|   iobuff_b[50].iobuffb |     0.134 |
|   iobuff_b[51].iobuffb |     0.134 |
|   iobuff_b[52].iobuffb |     0.134 |
|   iobuff_b[53].iobuffb |     0.134 |
|   iobuff_b[54].iobuffb |     0.134 |
|   iobuff_b[55].iobuffb |     0.134 |
|   iobuff_b[56].iobuffb |     0.135 |
|   iobuff_b[57].iobuffb |     0.135 |
|   iobuff_b[58].iobuffb |     0.136 |
|   iobuff_b[5].iobuffb  |     0.132 |
|   iobuff_b[6].iobuffb  |     0.132 |
|   iobuff_b[7].iobuffb  |     0.132 |
|   iobuff_b[8].iobuffb  |     0.133 |
|   iobuff_b[9].iobuffb  |     0.133 |
+------------------------+-----------+


